[開始] mode=本番 limit=全件
[取得] WP記事 220件（登録済スキップ: 59件）
[OK 1] daily-report-2025-09-03 (日報)
[OK 2] daily-report-2025-09-02 (日報)
[OK 3] daily-report-2025-09-01 (日報)
[OK 4] nippo-2025-08-31 (日報)
[OK 5] nippo-2025-08-30 (日報)
[OK 6] daily-report-2025-08-29 (日報)
[OK 7] daily-report-2025-08-28 (日報)
[OK 8] daily-report-2025-08-27 (日報)
[OK 9] daily-report-2025-08-26 (日報)
[OK 10] daily-report-2025-08-25 (日報)
[OK 11] monitor-light (記事)
[OK 12] daily-report-2025-08-24 (日報)
[OK 13] daily-report-2025-08-23 (日報)
[OK 14] daily-report-2025-08-22 (日報)
[OK 15] daily-report-2025-0-21 (日報)
[OK 16] nippo-2025-08-20 (日報)
[OK 17] daily-report-2025-08-19 (日報)
[OK 18] daily-report-2025-08-18 (日報)
[OK 19] daily-report-2025-08-17 (日報)
[OK 20] daily-report-2025-8-16 (日報)
[OK 21] daily-report-2025-08-15 (日報)
[OK 22] daily-report-2025-08-14 (日報)
[OK 23] daily-report-2025-08-13 (日報)
[OK 24] daily-report-2025-8-12 (日報)
[OK 25] daily-report-2025-08-11 (日報)
[OK 26] css-fusuma-animation (記事)
[OK 27] discover-a-new-word (記事)
[NG] troubleshooting-briefly-unavailable-for-scheduled-maintenance-check-back-in-a-minute: PUT 400 {"message":"The format of the content ID is incorrect. Please enter it using the specified character type and length."}
[OK 28] be-helpful-to-someone (記事)
[OK 29] need-for-approval (記事)
[OK 30] approach-motivation-or-avoidance-motivation (記事)
[OK 31] line-for-pc (記事)
[OK 32] css-has-hover (記事)
[OK 33] javascript-plugin-version (記事)
[OK 34] favicon-ico-not-found (記事)
[OK 35] javascript-plugin-particles-js (記事)
[OK 36] learn-to-provide-value (記事)
[OK 37] google-search-console-feed-page (記事)
[OK 38] uncaught-in-promise-null-check-recaptcha (記事)
[OK 39] how-to-set-canonical-url (記事)
[OK 40] us-keyboard-vs-japanese-keyboard (記事)
[OK 41] learn-html-andcss-basics (記事)
[OK 42] wordpress-unique-page-elements (記事)
[OK 43] the-ip-address-changes (記事)
[OK 44] figma-for-vs-code (記事)
[OK 45] html-error-checking (記事)
[OK 46] using-git (記事)
[OK 47] generate-qr-code-for-url (記事)
[OK 48] wordpress-plugin-customize (記事)
[OK 49] wordpress-write-cdn-and-api-in-function-php (記事)
[OK 50] write-urls-with-relative-paths (記事)
[OK 51] learn-display-grid (記事)
[OK 52] check-reset-css (記事)
[OK 53] export-images-from-figma-as-webp (記事)
[OK 54] css-underline-method (記事)
[OK 55] nervous-about-first-project (記事)
[OK 56] comment-out-obstructive-html-element (記事)
[OK 57] the-skill-of-being-happy (記事)
[OK 58] full-page-screen-capture (記事)
[OK 59] nested-html-naming (記事)
[OK 60] css-gradient (記事)
[OK 61] wordpress-javascript-get-footer (記事)
[OK 62] css-arrow-and-triangle (記事)
[OK 63] insurance-for-freelancers (記事)
[OK 64] wordpress-permalink-initialization (記事)
[OK 65] contact-form-7-css-styling (記事)
[OK 66] code-snippets-for-each-language (記事)
[OK 67] bem-simple-class-name (記事)
[OK 68] over-flow-hidden-by-side (記事)
[OK 69] the-wisdom-of-the-ages (記事)
[OK 70] z-index-in-stacking-context (記事)
[OK 71] wordpress-php-if (記事)
[OK 72] invest-in-future-time (記事)
[OK 73] archive-php-or-category-php (記事)
[OK 74] css-selector (記事)
[OK 75] clip-path-tool (記事)
[OK 76] googlemap-in-custom-fields (記事)
[OK 77] snippet-as-dictionary (記事)
[OK 78] quoting-rules (記事)
[OK 79] swiper-customize (記事)
[OK 80] wordpress-template-parts (記事)
[OK 81] foggy-headed-late-at-night (記事)
[OK 82] gulp-npm-update (記事)
[OK 83] wordpress-administrator-email-address (記事)
[OK 84] gmail-sorting (記事)
[OK 85] wordpress-img-name (記事)
[OK 86] stealth-marketing (記事)
[OK 87] wordpress-variables-of-template-parts (記事)
[OK 88] tag-of-thumbnail (記事)
[OK 89] wordpress-posts-copy (記事)
[OK 90] failure-patterns (記事)
[OK 91] color-palette (記事)
[OK 92] logo-design (記事)
[OK 93] homepage-layout (記事)
[OK 94] googlemap-route-street-view (記事)
[OK 95] design-gallery-websites (記事)
[OK 96] files-archive (記事)
[OK 97] wordpress-calendar (記事)
[OK 98] search-across-files (記事)
[OK 99] challenge-something-difficult (記事)
[OK 100] healthy-habits (記事)
[OK 101] php-textarea-line-break (記事)
[OK 102] wordpress-posts-sort-by (記事)
[OK 103] local-reload (記事)
[OK 104] perfect-pixel (記事)
[OK 105] information-overload (記事)
[OK 106] contact-form-testing (記事)
[OK 107] contact-form-7-confirmation-email (記事)
[OK 108] subdomain-and-subdirectory (記事)
[OK 109] power-of-yet (記事)
[OK 110] wordpress-dynamic-link (記事)
[OK 111] html-tag-link (記事)
[OK 112] check-ruleset (記事)
[OK 113] contact-form-7-your-name (記事)
[OK 114] mail-in-local-server (記事)
[OK 115] gmail-alias (記事)
[OK 116] wordpress-auto-tagging (記事)
[OK 117] wordpress-array-in-array (記事)
[OK 118] wordpress-text-length (記事)
[OK 119] breadcrumb-navxt-text (記事)
[OK 120] wordpress-different-files (記事)
[OK 121] gulp-run-npx (記事)
[OK 122] duplicate-tags (記事)
[OK 123] taxonomy-term-difference (記事)
[OK 124] first-experience (記事)
[OK 125] wordpress-eye-catcher-in-contents (記事)
[OK 126] common-parts-styling (記事)
[OK 127] remo-auto-translation (記事)
[OK 128] wordpress-css-specificity (記事)
[OK 129] responsive-vw (記事)
[OK 130] wordpress-customize (記事)
[OK 131] wordpress-template-name (記事)
[OK 132] freelancer-hourly-rate (記事)
[OK 133] vscode-bookmark (記事)
[OK 134] underline-customization (記事)
[OK 135] img-or-css (記事)
[OK 136] business-commencement-notification (記事)
[OK 137] new-skills-new-assets (記事)
[OK 138] jquery-in-php (記事)
[OK 139] local-instant-reload (記事)
[OK 140] multi-monitors (記事)
[OK 141] image-color-change (記事)
[OK 142] vscode-line-break (記事)
[OK 143] repeat-importance (記事)
[OK 144] figma-export-folder (記事)
[OK 145] snippet-improvement (記事)
[OK 146] experience-points (記事)
[OK 147] growth-curve (記事)
[OK 148] customers-perspective (記事)
[OK 149] coding-planning (記事)
[OK 150] place-html (記事)
[OK 151] ask-your-mentor (記事)
[OK 152] undefined-variable (記事)
[OK 153] gulp-wildcard (記事)
[OK 154] vscode-indent (記事)
[OK 155] vscode-breadcrumbs (記事)
[OK 156] gulp-broken-image-files (記事)
[OK 157] customizable-mouse (記事)
[OK 158] trivia-of-wordpress-and-javascript (記事)
[OK 159] trivia-of-css (記事)
[OK 160] daily-trial-introduction (記事)

[完了] 処理=161 成功=160 スキップ=59 失敗=1
[内訳] 記事=151 日報=69
